../Drivers/CMSIS/Include/core_cm4.h:2059:26:ITM_SendChar	16	static,ignoring_inline_asm
../Core/Src/main.c:123:5:_write	32	static
../Core/Src/main.c:141:5:main	8	static
../Core/Src/main.c:289:6:SystemClock_Config	96	static
../Core/Src/main.c:338:13:MX_I2C2_Init	8	static
../Core/Src/main.c:386:13:MX_SAI1_Init	8	static
../Core/Src/main.c:422:13:MX_SDMMC1_SD_Init	4	static
../Core/Src/main.c:450:13:MX_TIM1_Init	112	static
../Core/Src/main.c:528:13:MX_DMA_Init	16	static
../Core/Src/main.c:549:13:MX_GPIO_Init	48	static
../Core/Src/main.c:590:6:FillBuffer	32	static
../Core/Src/main.c:607:9:ReadWavHeader	24	static
../Core/Src/main.c:626:8:MountFile	16	static
../Core/Src/main.c:633:11:SDInit	24	static
../Core/Src/main.c:653:6:AdjustVolume	24	static
../Core/Src/main.c:662:6:StartAudioPlayback	16	static
../Core/Src/main.c:671:6:HAL_SAI_TxCpltCallback	16	static
../Core/Src/main.c:677:6:HAL_SAI_TxHalfCpltCallback	16	static
../Core/Src/main.c:765:6:Error_Handler	8	static,ignoring_inline_asm
