../Drivers/CMSIS/Include/core_cm4.h:2059:26:ITM_SendChar	4
../Core/Src/main.c:124:5:_write	2
../Core/Src/main.c:142:5:main	3
../Core/Src/main.c:240:6:SystemClock_Config	4
../Core/Src/main.c:289:13:MX_I2C2_Init	4
../Core/Src/main.c:337:13:MX_SAI1_Init	2
../Core/Src/main.c:373:13:MX_SDMMC1_SD_Init	1
../Core/Src/main.c:401:13:MX_TIM1_Init	7
../Core/Src/main.c:479:13:MX_DMA_Init	1
../Core/Src/main.c:500:13:MX_GPIO_Init	1
../Core/Src/main.c:541:6:FillBuffer	6
../Core/Src/main.c:562:9:ReadWavHeader	5
../Core/Src/main.c:582:8:MountFileSystem	3
../Core/Src/main.c:591:11:SDInit	4
../Core/Src/main.c:613:6:AdjustVolume	2
../Core/Src/main.c:622:6:StartAudioPlayback	3
../Core/Src/main.c:631:6:HAL_SAI_TxCpltCallback	1
../Core/Src/main.c:638:6:HAL_SAI_TxHalfCpltCallback	1
../Core/Src/main.c:727:6:Error_Handler	1
