../Drivers/CMSIS/Include/core_cm4.h:2059:26:ITM_SendChar	4
../Core/Src/main.c:124:5:_write	2
../Core/Src/main.c:142:5:main	4
../Core/Src/main.c:255:6:SystemClock_Config	4
../Core/Src/main.c:304:13:MX_I2C2_Init	4
../Core/Src/main.c:352:13:MX_SAI1_Init	2
../Core/Src/main.c:388:13:MX_SDMMC1_SD_Init	1
../Core/Src/main.c:416:13:MX_TIM1_Init	7
../Core/Src/main.c:494:13:MX_DMA_Init	1
../Core/Src/main.c:515:13:MX_GPIO_Init	1
../Core/Src/main.c:556:6:FillBuffer	5
../Core/Src/main.c:574:9:ReadWavHeader	5
../Core/Src/main.c:594:8:MountFileSystem	3
../Core/Src/main.c:603:11:SDInit	4
../Core/Src/main.c:625:6:AdjustVolume	2
../Core/Src/main.c:634:6:StartAudioPlayback	3
../Core/Src/main.c:644:6:HAL_SAI_TxCpltCallback	1
../Core/Src/main.c:650:6:HAL_SAI_TxHalfCpltCallback	1
../Core/Src/main.c:738:6:Error_Handler	1
